[support_department] generating 300 states ...
Direct use of automatic function calling (AFC) in AsyncModels.generate_content is not recommended. Instead, we recommend to use AFC in AsyncChat.send_message. Similarly, direct use of AFC in AsyncModels.generate_content_stream is not recommended. Instead, we recommend to use AFC in AsyncChat.send_message_stream.
resuming: 0 items already in data/train.jsonl
[support_department] generating 300 states ...
Direct use of automatic function calling (AFC) in AsyncModels.generate_content is not recommended. Instead, we recommend to use AFC in AsyncChat.send_message. Similarly, direct use of AFC in AsyncModels.generate_content_stream is not recommended. Instead, we recommend to use AFC in AsyncChat.send_message_stream.
resuming: 0 items already in data/train.jsonl
[support_department] generating 300 states ...
Direct use of automatic function calling (AFC) in AsyncModels.generate_content is not recommended. Instead, we recommend to use AFC in AsyncChat.send_message. Similarly, direct use of AFC in AsyncModels.generate_content_stream is not recommended. Instead, we recommend to use AFC in AsyncChat.send_message_stream.
[support_department] labeling 300 ...
[support_department] wrote 300  (elapsed 129s)
[agent_next_action] generating 300 states ...
[agent_next_action] labeling 300 ...
[agent_next_action] wrote 300  (elapsed 298s)
[email_folder] generating 300 states ...
[email_folder] labeling 300 ...
[email_folder] wrote 300  (elapsed 440s)
[review_positive] generating 300 states ...
[review_positive] labeling 300 ...
[review_positive] wrote 300  (elapsed 533s)
[frustration_level] generating 300 states ...
[frustration_level] labeling 300 ...
[frustration_level] wrote 300  (elapsed 669s)
[ticket_urgency] generating 300 states ...
[ticket_urgency] labeling 300 ...
[ticket_urgency] wrote 300  (elapsed 828s)
[message_urgent] generating 300 states ...
[message_urgent] labeling 300 ...
[message_urgent] wrote 300  (elapsed 998s)
[pii_present] generating 300 states ...
[pii_present] labeling 300 ...
[pii_present] wrote 300  (elapsed 1206s)
[content_policy] generating 300 states ...
[content_policy] labeling 300 ...
[content_policy] wrote 300  (elapsed 1396s)
[refund_eligible] generating 300 states ...
[refund_eligible] labeling 300 ...
[refund_eligible] wrote 300  (elapsed 1626s)
[pick_total] generating 300 states ...
[pick_total] labeling 300 ...
[pick_total] wrote 300  (elapsed 1829s)
[pick_meeting_time] generating 300 states ...
[pick_meeting_time] labeling 300 ...
[pick_meeting_time] wrote 300  (elapsed 1993s)
[code_has_bug] generating 300 states ...
[code_has_bug] labeling 300 ...
[code_has_bug] wrote 300  (elapsed 2231s)
[pr_risk] generating 300 states ...
[pr_risk] labeling 300 ...
[pr_risk] wrote 300  (elapsed 2406s)
[entailment] generating 300 states ...
[entailment] labeling 300 ...
[entailment] wrote 300  (elapsed 2556s)
[fact_or_opinion] generating 300 states ...
[fact_or_opinion] labeling 300 ...
[fact_or_opinion] wrote 300  (elapsed 2662s)
[same_place] generating 300 states ...
[same_place] labeling 300 ...
[same_place] wrote 300  (elapsed 2790s)
done: 5100 new items -> data/train.jsonl
